// Jest Snapshot v1, https://goo.gl/fbAQLP

exports[`renders learn react link 1`] = `
<body>
  <div>
    <header>
      <div
        class="header"
      >
        <p>
          / Welcome to Flood Fill
        </p>
      </div>
    </header>
    <main>
      <div
        class="main"
      >
        <div
          class="MuiPaper-root MuiCard-root canvas MuiPaper-elevation1 MuiPaper-rounded"
        >
          <div
            class="canvas--row"
          >
            <div
              class="canvas--cell"
              style="background-color: rgb(255, 255, 255);"
            />
            <div
              class="canvas--cell"
              style="background-color: rgb(255, 255, 255);"
            />
            <div
              class="canvas--cell"
              style="background-color: rgb(255, 255, 255);"
            />
            <div
              class="canvas--cell"
              style="background-color: rgb(255, 255, 255);"
            />
            <div
              class="canvas--cell"
              style="background-color: rgb(255, 255, 255);"
            />
          </div>
          <div
            class="canvas--row"
          >
            <div
              class="canvas--cell"
              style="background-color: rgb(255, 255, 255);"
            />
            <div
              class="canvas--cell"
              style="background-color: rgb(255, 255, 255);"
            />
            <div
              class="canvas--cell"
              style="background-color: rgb(255, 255, 255);"
            />
            <div
              class="canvas--cell"
              style="background-color: rgb(255, 255, 255);"
            />
            <div
              class="canvas--cell"
              style="background-color: rgb(255, 255, 255);"
            />
          </div>
          <div
            class="canvas--row"
          >
            <div
              class="canvas--cell"
              style="background-color: rgb(255, 255, 255);"
            />
            <div
              class="canvas--cell"
              style="background-color: rgb(255, 255, 255);"
            />
            <div
              class="canvas--cell"
              style="background-color: rgb(255, 255, 255);"
            />
            <div
              class="canvas--cell"
              style="background-color: rgb(255, 255, 255);"
            />
            <div
              class="canvas--cell"
              style="background-color: rgb(255, 255, 255);"
            />
          </div>
          <div
            class="canvas--row"
          >
            <div
              class="canvas--cell"
              style="background-color: rgb(255, 255, 255);"
            />
            <div
              class="canvas--cell"
              style="background-color: rgb(255, 255, 255);"
            />
            <div
              class="canvas--cell"
              style="background-color: rgb(255, 255, 255);"
            />
            <div
              class="canvas--cell"
              style="background-color: rgb(255, 255, 255);"
            />
            <div
              class="canvas--cell"
              style="background-color: rgb(255, 255, 255);"
            />
          </div>
          <div
            class="canvas--row"
          >
            <div
              class="canvas--cell"
              style="background-color: rgb(255, 255, 255);"
            />
            <div
              class="canvas--cell"
              style="background-color: rgb(255, 255, 255);"
            />
            <div
              class="canvas--cell"
              style="background-color: rgb(255, 255, 255);"
            />
            <div
              class="canvas--cell"
              style="background-color: rgb(255, 255, 255);"
            />
            <div
              class="canvas--cell"
              style="background-color: rgb(255, 255, 255);"
            />
          </div>
        </div>
      </div>
    </main>
  </div>
</body>
`;
